Internal ctest changing into directory: C:/Projects/Applications/Audiocity/build
Test project C:/Projects/Applications/Audiocity/build
    Start 1: audiocity_offline_tests
1/4 Test #1: audiocity_offline_tests ..........   Passed    4.69 sec
    Start 2: c:/projects/other/audiocity
2/4 Test #2: c:/projects/other/audiocity ......   Passed    4.79 sec
    Start 3: audiocity_packaging_config
3/4 Test #3: audiocity_packaging_config .......   Passed    0.04 sec
    Start 4: audiocity_ui_snapshot_harness
4/4 Test #4: audiocity_ui_snapshot_harness ....   Passed   91.04 sec

100% tests passed, 0 tests failed out of 4

Total Test time (real) = 100.57 sec
